Error found:
in module [33mMain[0m
at tests/purs/failing/DuplicateInstance.purs:6:1 - 6:16 (line 6, column 1 - line 6, column 16)

  Instance [33mi[0m has been defined multiple times:

    tests/purs/failing/DuplicateInstance.purs:6:1 - 6:16 (line 6, column 1 - line 6, column 16)


in type class instance
[33m         [0m
[33m  Main.Y [0m
[33m         [0m

See https://github.com/purescript/documentation/blob/master/errors/DuplicateInstance.md for more information,
or to contribute content related to this error.

