Error found:
in module [33mMain[0m
at tests/purs/failing/TopLevelCaseNoArgs.purs:7:1 - 7:8 (line 7, column 1 - line 7, column 8)

  Multiple value declarations exist for [33mfoo[0m.


See https://github.com/purescript/documentation/blob/master/errors/DuplicateValueDeclaration.md for more information,
or to contribute content related to this error.

