Error found:
in module [33mMain[0m
at tests/purs/failing/TransitiveDctorExport.purs:2:1 - 5:13 (line 2, column 1 - line 5, column 13)

  An export for [33mY[0m requires the following to also be exported:

    [33mX[0m



See https://github.com/purescript/documentation/blob/master/errors/TransitiveExportError.md for more information,
or to contribute content related to this error.

