Error found:
at tests/purs/failing/TypedBinders.purs:6:12 - 6:14 (line 6, column 12 - line 6, column 14)

  Unable to parse module:
  Unexpected token '::'


See https://github.com/purescript/documentation/blob/master/errors/ErrorParsingModule.md for more information,
or to contribute content related to this error.

