Error found:
in module [33mMain[0m
at tests/purs/failing/ExportExplicit1.purs:10:9 - 10:10 (line 10, column 9 - line 10, column 10)

  Unknown data constructor [33mY[0m


See https://github.com/purescript/documentation/blob/master/errors/UnknownName.md for more information,
or to contribute content related to this error.

